// Jest Snapshot v1, https://goo.gl/fbAQLP

exports[`renders app component successfully 1`] = `ReactWrapper {}`;
